#-----------------------------------------------------------
# Vivado v2023.2 (64-bit)
# SW Build 4029153 on Fri Oct 13 20:14:34 MDT 2023
# IP Build 4028589 on Sat Oct 14 00:45:43 MDT 2023
# SharedData Build 4025554 on Tue Oct 10 17:18:54 MDT 2023
# Start of session at: Fri Nov 15 20:45:53 2024
# Process ID: 9556
# Current directory: D:/Aaalalm/aaVLSI LAB/project_full_adderbehav
# Command line: vivado.exe -gui_launcher_event rodinguilauncherevent9788 D:\Aaalalm\aaVLSI LAB\project_full_adderbehav\project_full_adder.xpr
# Log file: D:/Aaalalm/aaVLSI LAB/project_full_adderbehav/vivado.log
# Journal file: D:/Aaalalm/aaVLSI LAB/project_full_adderbehav\vivado.jou
# Running On: EEE_07, OS: Windows, CPU Frequency: 3000 MHz, CPU Physical cores: 4, Host memory: 4170 MB
#-----------------------------------------------------------
start_gui
open_project {D:/Aaalalm/aaVLSI LAB/project_full_adderbehav/project_full_adder.xpr}
update_compile_order -fileset sources_1
reset_run synth_1
launch_runs synth_1 -jobs 2
wait_on_run synth_1
launch_runs impl_1 -jobs 2
wait_on_run impl_1
launch_runs impl_1 -to_step write_bitstream -jobs 2
wait_on_run impl_1
